
2024/09/30 (22:51:14) | ===> btop++ v.1.4.0
2024/09/30 (22:51:14) | WARNING: NVML: Failed to get maximum GPU power draw, defaulting to 225W: Not Supported
2024/09/30 (22:51:14) | WARNING: Intel GPU: Failed to initialize PMU

2024/10/01 (09:54:08) | ===> btop++ v.1.4.0
2024/10/01 (09:54:08) | WARNING: NVML: Failed to get maximum GPU power draw, defaulting to 225W: Not Supported
2024/10/01 (09:54:08) | WARNING: Intel GPU: Failed to initialize PMU

2024/10/01 (09:54:29) | ===> btop++ v.1.4.0
2024/10/01 (09:54:29) | WARNING: NVML: Failed to get maximum GPU power draw, defaulting to 225W: Not Supported
2024/10/01 (09:54:29) | WARNING: Intel GPU: Failed to initialize PMU

2024/10/01 (09:54:34) | ===> btop++ v.1.4.0
2024/10/01 (09:54:34) | WARNING: NVML: Failed to get maximum GPU power draw, defaulting to 225W: Not Supported
2024/10/01 (09:54:34) | WARNING: Intel GPU: Failed to initialize PMU

2024/10/01 (10:28:56) | ===> btop++ v.1.4.0
2024/10/01 (10:28:56) | WARNING: NVML: Failed to get maximum GPU power draw, defaulting to 225W: Not Supported
2024/10/01 (10:28:57) | WARNING: Intel GPU: Failed to initialize PMU

2024/10/01 (10:48:51) | ===> btop++ v.1.4.0
2024/10/01 (10:48:51) | WARNING: NVML: Failed to get maximum GPU power draw, defaulting to 225W: Not Supported
2024/10/01 (10:48:51) | WARNING: Intel GPU: Failed to initialize PMU

2024/10/01 (10:52:24) | ===> btop++ v.1.4.0
2024/10/01 (10:52:24) | WARNING: NVML: Failed to get maximum GPU power draw, defaulting to 225W: Not Supported
2024/10/01 (10:52:24) | WARNING: Intel GPU: Failed to initialize PMU

2024/10/01 (13:40:03) | ===> btop++ v.1.4.0
2024/10/01 (13:40:03) | WARNING: NVML: Failed to get maximum GPU power draw, defaulting to 225W: Not Supported
2024/10/01 (13:40:03) | WARNING: Intel GPU: Failed to initialize PMU

2024/10/01 (13:46:49) | ===> btop++ v.1.4.0
2024/10/01 (13:46:49) | WARNING: NVML: Failed to get maximum GPU power draw, defaulting to 225W: Not Supported
2024/10/01 (13:46:49) | WARNING: Intel GPU: Failed to initialize PMU

2024/10/01 (13:48:43) | ===> btop++ v.1.4.0
2024/10/01 (13:48:43) | WARNING: NVML: Failed to get maximum GPU power draw, defaulting to 225W: Not Supported
2024/10/01 (13:48:43) | WARNING: Intel GPU: Failed to initialize PMU

2024/10/01 (13:50:15) | ===> btop++ v.1.4.0
2024/10/01 (13:50:15) | WARNING: NVML: Failed to get maximum GPU power draw, defaulting to 225W: Not Supported
2024/10/01 (13:50:15) | WARNING: Intel GPU: Failed to initialize PMU

2024/10/01 (13:58:42) | ===> btop++ v.1.4.0
2024/10/01 (13:58:42) | WARNING: NVML: Failed to get maximum GPU power draw, defaulting to 225W: Not Supported
2024/10/01 (13:58:42) | WARNING: Intel GPU: Failed to initialize PMU

2024/10/01 (14:02:44) | ===> btop++ v.1.4.0
2024/10/01 (14:02:44) | WARNING: NVML: Failed to get maximum GPU power draw, defaulting to 225W: Not Supported
2024/10/01 (14:02:44) | WARNING: Intel GPU: Failed to initialize PMU

2024/10/01 (14:06:08) | ===> btop++ v.1.4.0
2024/10/01 (14:06:08) | WARNING: NVML: Failed to get maximum GPU power draw, defaulting to 225W: Not Supported
2024/10/01 (14:06:08) | WARNING: Intel GPU: Failed to initialize PMU

2024/10/01 (14:09:09) | ===> btop++ v.1.4.0
2024/10/01 (14:09:09) | WARNING: NVML: Failed to get maximum GPU power draw, defaulting to 225W: Not Supported
2024/10/01 (14:09:09) | WARNING: Intel GPU: Failed to initialize PMU

2024/10/01 (14:14:00) | ===> btop++ v.1.4.0
2024/10/01 (14:14:00) | WARNING: NVML: Failed to get maximum GPU power draw, defaulting to 225W: Not Supported
2024/10/01 (14:14:00) | WARNING: Intel GPU: Failed to initialize PMU

2024/10/01 (14:18:47) | ===> btop++ v.1.4.0
2024/10/01 (14:18:47) | WARNING: NVML: Failed to get maximum GPU power draw, defaulting to 225W: Not Supported
2024/10/01 (14:18:47) | WARNING: Intel GPU: Failed to initialize PMU

2024/10/01 (14:23:31) | ===> btop++ v.1.4.0
2024/10/01 (14:23:31) | WARNING: NVML: Failed to get maximum GPU power draw, defaulting to 225W: Not Supported
2024/10/01 (14:23:31) | WARNING: Intel GPU: Failed to initialize PMU

2024/10/01 (14:26:03) | ===> btop++ v.1.4.0
2024/10/01 (14:26:03) | WARNING: NVML: Failed to get maximum GPU power draw, defaulting to 225W: Not Supported
2024/10/01 (14:26:03) | WARNING: Intel GPU: Failed to initialize PMU

2024/10/01 (14:28:13) | ===> btop++ v.1.4.0
2024/10/01 (14:28:13) | WARNING: NVML: Failed to get maximum GPU power draw, defaulting to 225W: Not Supported
2024/10/01 (14:28:14) | WARNING: Intel GPU: Failed to initialize PMU

2024/10/01 (14:31:43) | ===> btop++ v.1.4.0
2024/10/01 (14:31:43) | WARNING: NVML: Failed to get maximum GPU power draw, defaulting to 225W: Not Supported
2024/10/01 (14:31:43) | WARNING: Intel GPU: Failed to initialize PMU

2024/10/01 (14:37:02) | ===> btop++ v.1.4.0
2024/10/01 (14:37:02) | WARNING: NVML: Failed to get maximum GPU power draw, defaulting to 225W: Not Supported
2024/10/01 (14:37:02) | WARNING: Intel GPU: Failed to initialize PMU

2024/10/01 (14:38:55) | ===> btop++ v.1.4.0
2024/10/01 (14:38:55) | WARNING: NVML: Failed to get maximum GPU power draw, defaulting to 225W: Not Supported
2024/10/01 (14:38:55) | WARNING: Intel GPU: Failed to initialize PMU

2024/10/01 (14:39:46) | ===> btop++ v.1.4.0
2024/10/01 (14:39:46) | WARNING: NVML: Failed to get maximum GPU power draw, defaulting to 225W: Not Supported
2024/10/01 (14:39:46) | WARNING: Intel GPU: Failed to initialize PMU

2024/10/01 (14:47:35) | ===> btop++ v.1.4.0
2024/10/01 (14:47:35) | WARNING: NVML: Failed to get maximum GPU power draw, defaulting to 225W: Not Supported
2024/10/01 (14:47:35) | WARNING: Intel GPU: Failed to initialize PMU

2024/10/01 (14:58:34) | ===> btop++ v.1.4.0
2024/10/01 (14:58:34) | WARNING: NVML: Failed to get maximum GPU power draw, defaulting to 225W: Not Supported
2024/10/01 (14:58:34) | WARNING: Intel GPU: Failed to initialize PMU

2024/10/01 (15:02:18) | ===> btop++ v.1.4.0
2024/10/01 (15:02:18) | WARNING: NVML: Failed to get maximum GPU power draw, defaulting to 225W: Not Supported
2024/10/01 (15:02:18) | WARNING: Intel GPU: Failed to initialize PMU

2024/10/01 (15:14:56) | ===> btop++ v.1.4.0
2024/10/01 (15:14:56) | WARNING: NVML: Failed to get maximum GPU power draw, defaulting to 225W: Not Supported
2024/10/01 (15:14:56) | WARNING: Intel GPU: Failed to initialize PMU

2024/10/01 (15:17:09) | ===> btop++ v.1.4.0
2024/10/01 (15:17:09) | WARNING: NVML: Failed to get maximum GPU power draw, defaulting to 225W: Not Supported
2024/10/01 (15:17:09) | WARNING: Intel GPU: Failed to initialize PMU

2024/10/01 (15:44:16) | ===> btop++ v.1.4.0
2024/10/01 (15:44:16) | WARNING: NVML: Failed to get maximum GPU power draw, defaulting to 225W: Not Supported
2024/10/01 (15:44:16) | WARNING: Intel GPU: Failed to initialize PMU

2024/10/01 (15:59:54) | ===> btop++ v.1.4.0
2024/10/01 (15:59:54) | WARNING: NVML: Failed to get maximum GPU power draw, defaulting to 225W: Not Supported
2024/10/01 (15:59:54) | WARNING: Intel GPU: Failed to initialize PMU

2024/10/01 (16:09:14) | ===> btop++ v.1.4.0
2024/10/01 (16:09:14) | WARNING: NVML: Failed to get maximum GPU power draw, defaulting to 225W: Not Supported
2024/10/01 (16:09:14) | WARNING: Intel GPU: Failed to initialize PMU

2024/10/01 (16:21:16) | ===> btop++ v.1.4.0
2024/10/01 (16:21:16) | WARNING: NVML: Failed to get maximum GPU power draw, defaulting to 225W: Not Supported
2024/10/01 (16:21:16) | WARNING: Intel GPU: Failed to initialize PMU

2024/10/01 (16:33:54) | ===> btop++ v.1.4.0
2024/10/01 (16:33:54) | WARNING: NVML: Failed to get maximum GPU power draw, defaulting to 225W: Not Supported
2024/10/01 (16:33:54) | WARNING: Intel GPU: Failed to initialize PMU

2024/10/01 (17:01:53) | ===> btop++ v.1.4.0
2024/10/01 (17:01:53) | WARNING: NVML: Failed to get maximum GPU power draw, defaulting to 225W: Not Supported
2024/10/01 (17:01:53) | WARNING: Intel GPU: Failed to initialize PMU

2024/10/01 (17:16:25) | ===> btop++ v.1.4.0
2024/10/01 (17:16:25) | WARNING: NVML: Failed to get maximum GPU power draw, defaulting to 225W: Not Supported
2024/10/01 (17:16:25) | WARNING: Intel GPU: Failed to initialize PMU

2024/10/01 (17:41:51) | ===> btop++ v.1.4.0
2024/10/01 (17:41:51) | WARNING: NVML: Failed to get maximum GPU power draw, defaulting to 225W: Not Supported
2024/10/01 (17:41:51) | WARNING: Intel GPU: Failed to initialize PMU

2024/10/01 (18:01:54) | ===> btop++ v.1.4.0
2024/10/01 (18:01:54) | WARNING: NVML: Failed to get maximum GPU power draw, defaulting to 225W: Not Supported
2024/10/01 (18:01:54) | WARNING: Intel GPU: Failed to initialize PMU

2024/10/01 (20:30:39) | ===> btop++ v.1.4.0
2024/10/01 (20:30:39) | WARNING: NVML: Failed to get maximum GPU power draw, defaulting to 225W: Not Supported
2024/10/01 (20:30:39) | WARNING: Intel GPU: Failed to initialize PMU

2024/10/02 (08:46:47) | ===> btop++ v.1.4.0
2024/10/02 (08:46:47) | WARNING: NVML: Failed to get maximum GPU power draw, defaulting to 225W: Not Supported
2024/10/02 (08:46:47) | WARNING: Intel GPU: Failed to initialize PMU

2024/10/02 (13:38:25) | ===> btop++ v.1.4.0
2024/10/02 (13:38:25) | WARNING: NVML: Failed to get maximum GPU power draw, defaulting to 225W: Not Supported
2024/10/02 (13:38:25) | WARNING: Intel GPU: Failed to initialize PMU

2024/10/03 (12:36:38) | ===> btop++ v.1.4.0
2024/10/03 (12:36:38) | WARNING: NVML: Failed to get maximum GPU power draw, defaulting to 225W: Not Supported
2024/10/03 (12:36:38) | WARNING: Intel GPU: Failed to initialize PMU

2024/10/04 (08:19:00) | ===> btop++ v.1.4.0
2024/10/04 (08:19:00) | WARNING: NVML: Failed to get maximum GPU power draw, defaulting to 225W: Not Supported
2024/10/04 (08:19:00) | WARNING: Intel GPU: Failed to initialize PMU

2024/10/06 (19:48:21) | ===> btop++ v.1.4.0
2024/10/06 (19:48:21) | WARNING: NVML: Failed to get maximum GPU power draw, defaulting to 225W: Not Supported
2024/10/06 (19:48:21) | WARNING: Intel GPU: Failed to initialize PMU

2024/10/06 (19:49:53) | ===> btop++ v.1.4.0
2024/10/06 (19:49:53) | WARNING: NVML: Failed to get maximum GPU power draw, defaulting to 225W: Not Supported
2024/10/06 (19:49:53) | WARNING: Intel GPU: Failed to initialize PMU

2024/10/06 (19:51:00) | ===> btop++ v.1.4.0
2024/10/06 (19:51:00) | WARNING: NVML: Failed to get maximum GPU power draw, defaulting to 225W: Not Supported
2024/10/06 (19:51:00) | WARNING: Intel GPU: Failed to initialize PMU

2024/10/06 (19:51:55) | ===> btop++ v.1.4.0
2024/10/06 (19:51:55) | WARNING: NVML: Failed to get maximum GPU power draw, defaulting to 225W: Not Supported
2024/10/06 (19:51:55) | WARNING: Intel GPU: Failed to initialize PMU

2024/10/06 (19:56:24) | ===> btop++ v.1.4.0
2024/10/06 (19:56:24) | WARNING: NVML: Failed to get maximum GPU power draw, defaulting to 225W: Not Supported
2024/10/06 (19:56:24) | WARNING: Intel GPU: Failed to initialize PMU

2024/10/06 (19:58:12) | ===> btop++ v.1.4.0
2024/10/06 (19:58:12) | WARNING: NVML: Failed to get maximum GPU power draw, defaulting to 225W: Not Supported
2024/10/06 (19:58:12) | WARNING: Intel GPU: Failed to initialize PMU

2024/10/06 (20:00:11) | ===> btop++ v.1.4.0
2024/10/06 (20:00:11) | WARNING: NVML: Failed to get maximum GPU power draw, defaulting to 225W: Not Supported
2024/10/06 (20:00:11) | WARNING: Intel GPU: Failed to initialize PMU

2024/10/08 (12:19:16) | ===> btop++ v.1.4.0
2024/10/08 (12:19:16) | WARNING: NVML: Failed to get maximum GPU power draw, defaulting to 225W: Not Supported
2024/10/08 (12:19:16) | WARNING: Intel GPU: Failed to initialize PMU

2024/10/08 (16:17:53) | ===> btop++ v.1.4.0
2024/10/08 (16:17:53) | WARNING: NVML: Failed to get maximum GPU power draw, defaulting to 225W: Not Supported
2024/10/08 (16:17:53) | WARNING: Intel GPU: Failed to initialize PMU

2024/10/09 (12:15:47) | ===> btop++ v.1.4.0
2024/10/09 (12:15:47) | WARNING: NVML: Failed to get maximum GPU power draw, defaulting to 225W: Not Supported
2024/10/09 (12:15:47) | WARNING: Intel GPU: Failed to initialize PMU

2024/10/09 (16:43:36) | ===> btop++ v.1.4.0
2024/10/09 (16:43:36) | WARNING: NVML: Failed to get maximum GPU power draw, defaulting to 225W: Not Supported
2024/10/09 (16:43:36) | WARNING: Intel GPU: Failed to initialize PMU

2024/10/10 (11:22:14) | ===> btop++ v.1.4.0
2024/10/10 (11:22:14) | WARNING: NVML: Failed to get maximum GPU power draw, defaulting to 225W: Not Supported
2024/10/10 (11:22:14) | WARNING: Intel GPU: Failed to initialize PMU

2024/10/11 (15:36:56) | ===> btop++ v.1.4.0
2024/10/11 (15:36:56) | WARNING: NVML: Failed to get maximum GPU power draw, defaulting to 225W: Not Supported
2024/10/11 (15:36:56) | WARNING: Intel GPU: Failed to initialize PMU

2024/10/12 (09:47:27) | ===> btop++ v.1.4.0
2024/10/12 (09:47:27) | WARNING: NVML: Failed to get maximum GPU power draw, defaulting to 225W: Not Supported
2024/10/12 (09:47:27) | WARNING: Intel GPU: Failed to initialize PMU

2024/10/12 (16:31:17) | ===> btop++ v.1.4.0
2024/10/12 (16:31:17) | WARNING: NVML: Failed to get maximum GPU power draw, defaulting to 225W: Not Supported
2024/10/12 (16:31:17) | WARNING: Intel GPU: Failed to initialize PMU

2024/10/12 (20:33:11) | ===> btop++ v.1.4.0
2024/10/12 (20:33:11) | WARNING: NVML: Failed to get maximum GPU power draw, defaulting to 225W: Not Supported
2024/10/12 (20:33:11) | WARNING: Intel GPU: Failed to initialize PMU

2024/10/13 (11:29:04) | ===> btop++ v.1.4.0
2024/10/13 (11:29:04) | WARNING: NVML: Failed to get maximum GPU power draw, defaulting to 225W: Not Supported
2024/10/13 (11:29:04) | WARNING: Intel GPU: Failed to initialize PMU

2024/10/13 (13:15:17) | ===> btop++ v.1.4.0
2024/10/13 (13:15:17) | WARNING: NVML: Failed to get maximum GPU power draw, defaulting to 225W: Not Supported
2024/10/13 (13:15:17) | WARNING: Intel GPU: Failed to initialize PMU

2024/10/13 (18:56:30) | ===> btop++ v.1.4.0
2024/10/13 (18:56:30) | WARNING: NVML: Failed to get maximum GPU power draw, defaulting to 225W: Not Supported
2024/10/13 (18:56:30) | WARNING: Intel GPU: Failed to initialize PMU

2024/10/14 (08:16:50) | ===> btop++ v.1.4.0
2024/10/14 (08:16:50) | WARNING: NVML: Failed to get maximum GPU power draw, defaulting to 225W: Not Supported
2024/10/14 (08:16:50) | WARNING: Intel GPU: Failed to initialize PMU

2024/10/15 (10:26:36) | ===> btop++ v.1.4.0
2024/10/15 (10:26:36) | WARNING: NVML: Failed to get maximum GPU power draw, defaulting to 225W: Not Supported
2024/10/15 (10:26:36) | WARNING: Intel GPU: Failed to initialize PMU

2024/10/15 (16:42:53) | ===> btop++ v.1.4.0
2024/10/15 (16:42:53) | WARNING: NVML: Failed to get maximum GPU power draw, defaulting to 225W: Not Supported
2024/10/15 (16:42:53) | WARNING: Intel GPU: Failed to initialize PMU

2024/10/15 (20:30:14) | ===> btop++ v.1.4.0
2024/10/15 (20:30:14) | WARNING: NVML: Failed to get maximum GPU power draw, defaulting to 225W: Not Supported
2024/10/15 (20:30:14) | WARNING: Intel GPU: Failed to initialize PMU

2024/10/16 (08:33:03) | ===> btop++ v.1.4.0
2024/10/16 (08:33:03) | WARNING: NVML: Failed to get maximum GPU power draw, defaulting to 225W: Not Supported
2024/10/16 (08:33:03) | WARNING: Intel GPU: Failed to initialize PMU

2024/10/16 (10:09:16) | ===> btop++ v.1.4.0
2024/10/16 (10:09:16) | WARNING: NVML: Failed to get maximum GPU power draw, defaulting to 225W: Not Supported
2024/10/16 (10:09:16) | WARNING: Intel GPU: Failed to initialize PMU

2024/10/16 (11:56:30) | ===> btop++ v.1.4.0
2024/10/16 (11:56:30) | WARNING: NVML: Failed to get maximum GPU power draw, defaulting to 225W: Not Supported
2024/10/16 (11:56:30) | WARNING: Intel GPU: Failed to initialize PMU

2024/10/16 (20:31:17) | ===> btop++ v.1.4.0
2024/10/16 (20:31:17) | WARNING: NVML: Failed to get maximum GPU power draw, defaulting to 225W: Not Supported
2024/10/16 (20:31:17) | WARNING: Intel GPU: Failed to initialize PMU

2024/10/17 (09:11:48) | ===> btop++ v.1.4.0
2024/10/17 (09:11:48) | WARNING: NVML: Failed to get maximum GPU power draw, defaulting to 225W: Not Supported
2024/10/17 (09:11:48) | WARNING: Intel GPU: Failed to initialize PMU

2024/10/18 (08:20:53) | ===> btop++ v.1.4.0
2024/10/18 (08:20:53) | WARNING: NVML: Failed to get maximum GPU power draw, defaulting to 225W: Not Supported
2024/10/18 (08:20:53) | WARNING: Intel GPU: Failed to initialize PMU

2024/10/19 (11:47:35) | ===> btop++ v.1.4.0
2024/10/19 (11:47:35) | WARNING: NVML: Failed to get maximum GPU power draw, defaulting to 225W: Not Supported
2024/10/19 (11:47:35) | WARNING: Intel GPU: Failed to initialize PMU

2024/10/22 (09:09:28) | ===> btop++ v.1.4.0
2024/10/22 (09:09:28) | WARNING: NVML: Failed to get maximum GPU power draw, defaulting to 225W: Not Supported
2024/10/22 (09:09:28) | WARNING: Intel GPU: Failed to initialize PMU

2024/10/22 (17:19:51) | ===> btop++ v.1.4.0
2024/10/22 (17:19:51) | WARNING: NVML: Failed to get maximum GPU power draw, defaulting to 225W: Not Supported
2024/10/22 (17:19:51) | WARNING: Intel GPU: Failed to initialize PMU

2024/10/23 (15:03:17) | ===> btop++ v.1.4.0
2024/10/23 (15:03:17) | WARNING: NVML: Failed to get maximum GPU power draw, defaulting to 225W: Not Supported
2024/10/23 (15:03:17) | WARNING: Intel GPU: Failed to initialize PMU

2024/10/24 (20:30:02) | ===> btop++ v.1.4.0
2024/10/24 (20:30:02) | WARNING: NVML: Failed to get maximum GPU power draw, defaulting to 225W: Not Supported
2024/10/24 (20:30:02) | WARNING: Intel GPU: Failed to initialize PMU

2024/10/25 (08:20:25) | ===> btop++ v.1.4.0
2024/10/25 (08:20:25) | WARNING: NVML: Failed to get maximum GPU power draw, defaulting to 225W: Not Supported
2024/10/25 (08:20:25) | WARNING: Intel GPU: Failed to initialize PMU

2024/10/25 (21:37:00) | ===> btop++ v.1.4.0
2024/10/25 (21:37:00) | WARNING: NVML: Failed to get maximum GPU power draw, defaulting to 225W: Not Supported
2024/10/25 (21:37:00) | WARNING: Intel GPU: Failed to initialize PMU

2024/10/25 (21:49:29) | ===> btop++ v.1.4.0
2024/10/25 (21:49:29) | WARNING: NVML: Failed to get maximum GPU power draw, defaulting to 225W: Not Supported
2024/10/25 (21:49:29) | WARNING: Intel GPU: Failed to initialize PMU

2024/10/26 (09:46:48) | ===> btop++ v.1.4.0
2024/10/26 (09:46:48) | WARNING: NVML: Failed to get maximum GPU power draw, defaulting to 225W: Not Supported
2024/10/26 (09:46:48) | WARNING: Intel GPU: Failed to initialize PMU

2024/10/27 (09:56:12) | ===> btop++ v.1.4.0
2024/10/27 (09:56:12) | WARNING: NVML: Failed to get maximum GPU power draw, defaulting to 225W: Not Supported
2024/10/27 (09:56:12) | WARNING: Intel GPU: Failed to initialize PMU

2024/10/27 (16:39:17) | ===> btop++ v.1.4.0
2024/10/27 (16:39:17) | WARNING: NVML: Failed to get maximum GPU power draw, defaulting to 225W: Not Supported
2024/10/27 (16:39:17) | WARNING: Intel GPU: Failed to initialize PMU

2024/10/29 (15:45:26) | ===> btop++ v.1.4.0
2024/10/29 (15:45:26) | WARNING: NVML: Failed to get maximum GPU power draw, defaulting to 225W: Not Supported
2024/10/29 (15:45:26) | WARNING: Intel GPU: Failed to initialize PMU

2024/10/30 (11:00:17) | ===> btop++ v.1.4.0
2024/10/30 (11:00:17) | WARNING: NVML: Failed to get maximum GPU power draw, defaulting to 225W: Not Supported
2024/10/30 (11:00:17) | WARNING: Intel GPU: Failed to initialize PMU

2024/10/30 (16:03:14) | ===> btop++ v.1.4.0
2024/10/30 (16:03:14) | WARNING: NVML: Failed to get maximum GPU power draw, defaulting to 225W: Not Supported
2024/10/30 (16:03:14) | WARNING: Intel GPU: Failed to initialize PMU

2024/10/31 (12:36:30) | ===> btop++ v.1.4.0
2024/10/31 (12:36:30) | WARNING: NVML: Failed to get maximum GPU power draw, defaulting to 225W: Not Supported
2024/10/31 (12:36:30) | WARNING: Intel GPU: Failed to initialize PMU

2024/10/31 (14:57:52) | ===> btop++ v.1.4.0
2024/10/31 (14:57:52) | WARNING: NVML: Failed to get maximum GPU power draw, defaulting to 225W: Not Supported
2024/10/31 (14:57:52) | WARNING: Intel GPU: Failed to initialize PMU

2024/10/31 (15:29:06) | ===> btop++ v.1.4.0
2024/10/31 (15:29:06) | WARNING: NVML: Failed to get maximum GPU power draw, defaulting to 225W: Not Supported
2024/10/31 (15:29:06) | WARNING: Intel GPU: Failed to initialize PMU

2024/10/31 (16:52:27) | ===> btop++ v.1.4.0
2024/10/31 (16:52:27) | WARNING: NVML: Failed to get maximum GPU power draw, defaulting to 225W: Not Supported
2024/10/31 (16:52:27) | WARNING: Intel GPU: Failed to initialize PMU

2024/10/31 (20:40:13) | ===> btop++ v.1.4.0
2024/10/31 (20:40:13) | WARNING: NVML: Failed to get maximum GPU power draw, defaulting to 225W: Not Supported
2024/10/31 (20:40:13) | WARNING: Intel GPU: Failed to initialize PMU

2024/11/01 (14:51:21) | ===> btop++ v.1.4.0
2024/11/01 (14:51:21) | WARNING: NVML: Failed to get maximum GPU power draw, defaulting to 225W: Not Supported
2024/11/01 (14:51:21) | WARNING: Intel GPU: Failed to initialize PMU

2024/11/02 (11:35:24) | ===> btop++ v.1.4.0
2024/11/02 (11:35:24) | WARNING: NVML: Failed to get maximum GPU power draw, defaulting to 225W: Not Supported
2024/11/02 (11:35:24) | WARNING: Intel GPU: Failed to initialize PMU

2024/11/02 (20:03:32) | ===> btop++ v.1.4.0
2024/11/02 (20:03:32) | WARNING: NVML: Failed to get maximum GPU power draw, defaulting to 225W: Not Supported
2024/11/02 (20:03:32) | WARNING: Intel GPU: Failed to initialize PMU

2024/11/04 (08:23:46) | ===> btop++ v.1.4.0
2024/11/04 (08:23:46) | WARNING: NVML: Failed to get maximum GPU power draw, defaulting to 225W: Not Supported
2024/11/04 (08:23:46) | WARNING: Intel GPU: Failed to initialize PMU

2024/11/04 (09:50:38) | ===> btop++ v.1.4.0
2024/11/04 (09:50:38) | WARNING: NVML: Failed to get maximum GPU power draw, defaulting to 225W: Not Supported
2024/11/04 (09:50:38) | WARNING: Intel GPU: Failed to initialize PMU

2024/11/04 (19:40:19) | ===> btop++ v.1.4.0
2024/11/04 (19:40:19) | WARNING: NVML: Failed to get maximum GPU power draw, defaulting to 225W: Not Supported
2024/11/04 (19:40:19) | WARNING: Intel GPU: Failed to initialize PMU

2024/11/05 (20:59:57) | ===> btop++ v.1.4.0
2024/11/05 (20:59:57) | WARNING: NVML: Failed to get maximum GPU power draw, defaulting to 225W: Not Supported
2024/11/05 (20:59:57) | WARNING: Intel GPU: Failed to initialize PMU

2024/11/08 (08:18:47) | ===> btop++ v.1.4.0
2024/11/08 (08:18:47) | WARNING: NVML: Failed to get maximum GPU power draw, defaulting to 225W: Not Supported
2024/11/08 (08:18:47) | WARNING: Intel GPU: Failed to initialize PMU

2024/11/08 (10:11:46) | ===> btop++ v.1.4.0
2024/11/08 (10:11:46) | WARNING: NVML: Failed to get maximum GPU power draw, defaulting to 225W: Not Supported
2024/11/08 (10:11:46) | WARNING: Intel GPU: Failed to initialize PMU

2024/11/08 (10:30:50) | ===> btop++ v.1.4.0
2024/11/08 (10:30:50) | WARNING: NVML: Failed to get maximum GPU power draw, defaulting to 225W: Not Supported
2024/11/08 (10:30:50) | WARNING: Intel GPU: Failed to initialize PMU

2024/11/08 (10:34:56) | ===> btop++ v.1.4.0
2024/11/08 (10:34:56) | WARNING: NVML: Failed to get maximum GPU power draw, defaulting to 225W: Not Supported
2024/11/08 (10:34:56) | WARNING: Intel GPU: Failed to initialize PMU

2024/11/08 (15:05:20) | ===> btop++ v.1.4.0
2024/11/08 (15:05:20) | WARNING: NVML: Failed to get maximum GPU power draw, defaulting to 225W: Not Supported
2024/11/08 (15:05:20) | WARNING: Intel GPU: Failed to initialize PMU

2024/11/09 (10:13:45) | ===> btop++ v.1.4.0
2024/11/09 (10:13:45) | WARNING: NVML: Failed to get maximum GPU power draw, defaulting to 225W: Not Supported
2024/11/09 (10:13:45) | WARNING: Intel GPU: Failed to initialize PMU

2024/11/09 (11:12:49) | ===> btop++ v.1.4.0
2024/11/09 (11:12:49) | WARNING: NVML: Failed to get maximum GPU power draw, defaulting to 225W: Not Supported
2024/11/09 (11:12:49) | WARNING: Intel GPU: Failed to initialize PMU

2024/11/09 (17:57:41) | ===> btop++ v.1.4.0
2024/11/09 (17:57:41) | WARNING: NVML: Failed to get maximum GPU power draw, defaulting to 225W: Not Supported
2024/11/09 (17:57:41) | WARNING: Intel GPU: Failed to initialize PMU

2024/11/10 (13:28:29) | ===> btop++ v.1.4.0
2024/11/10 (13:28:29) | WARNING: NVML: Failed to get maximum GPU power draw, defaulting to 225W: Not Supported
2024/11/10 (13:28:29) | WARNING: Intel GPU: Failed to initialize PMU

2024/11/10 (15:46:25) | ===> btop++ v.1.4.0
2024/11/10 (15:46:25) | WARNING: NVML: Failed to get maximum GPU power draw, defaulting to 225W: Not Supported
2024/11/10 (15:46:25) | WARNING: Intel GPU: Failed to initialize PMU

2024/11/11 (15:55:07) | ===> btop++ v.1.4.0
2024/11/11 (15:55:07) | WARNING: NVML: Failed to get maximum GPU power draw, defaulting to 225W: Not Supported
2024/11/11 (15:55:07) | WARNING: Intel GPU: Failed to initialize PMU

2024/11/13 (14:49:48) | ===> btop++ v.1.4.0
2024/11/13 (14:49:48) | WARNING: NVML: Failed to get maximum GPU power draw, defaulting to 225W: Not Supported
2024/11/13 (14:49:48) | WARNING: Intel GPU: Failed to initialize PMU

2024/11/22 (14:27:19) | ===> btop++ v.1.4.0
2024/11/22 (14:27:19) | WARNING: NVML: Failed to get maximum GPU power draw, defaulting to 225W: Not Supported
2024/11/22 (14:27:19) | WARNING: Intel GPU: Failed to initialize PMU

2024/11/23 (13:08:07) | ===> btop++ v.1.4.0
2024/11/23 (13:08:07) | WARNING: NVML: Failed to get maximum GPU power draw, defaulting to 225W: Not Supported
2024/11/23 (13:08:07) | WARNING: Intel GPU: Failed to initialize PMU

2024/11/24 (16:33:16) | ===> btop++ v.1.4.0
2024/11/24 (16:33:16) | WARNING: NVML: Failed to get maximum GPU power draw, defaulting to 225W: Not Supported
2024/11/24 (16:33:16) | WARNING: Intel GPU: Failed to initialize PMU

2024/11/25 (17:30:00) | ===> btop++ v.1.4.0
2024/11/25 (17:30:00) | WARNING: NVML: Failed to get maximum GPU power draw, defaulting to 225W: Not Supported
2024/11/25 (17:30:00) | WARNING: Intel GPU: Failed to initialize PMU

2024/11/26 (16:50:00) | ===> btop++ v.1.4.0
2024/11/26 (16:50:00) | WARNING: NVML: Failed to get maximum GPU power draw, defaulting to 225W: Not Supported
2024/11/26 (16:50:00) | WARNING: Intel GPU: Failed to initialize PMU

2024/11/27 (10:40:57) | ===> btop++ v.1.4.0
2024/11/27 (10:40:57) | WARNING: NVML: Failed to get maximum GPU power draw, defaulting to 225W: Not Supported
2024/11/27 (10:40:57) | WARNING: Intel GPU: Failed to initialize PMU

2024/11/27 (11:45:26) | ===> btop++ v.1.4.0
2024/11/27 (11:45:26) | WARNING: NVML: Failed to get maximum GPU power draw, defaulting to 225W: Not Supported
2024/11/27 (11:45:26) | WARNING: Intel GPU: Failed to initialize PMU

2024/11/27 (19:04:41) | ===> btop++ v.1.4.0
2024/11/27 (19:04:41) | WARNING: NVML: Failed to get maximum GPU power draw, defaulting to 225W: Not Supported
2024/11/27 (19:04:41) | WARNING: Intel GPU: Failed to initialize PMU

2024/11/28 (11:08:15) | ===> btop++ v.1.4.0
2024/11/28 (11:08:15) | WARNING: NVML: Failed to get maximum GPU power draw, defaulting to 225W: Not Supported
2024/11/28 (11:08:15) | WARNING: Intel GPU: Failed to initialize PMU

2024/11/28 (20:10:54) | ===> btop++ v.1.4.0
2024/11/28 (20:10:54) | WARNING: NVML: Failed to get maximum GPU power draw, defaulting to 225W: Not Supported
2024/11/28 (20:10:54) | WARNING: Intel GPU: Failed to initialize PMU

2024/11/29 (08:23:15) | ===> btop++ v.1.4.0
2024/11/29 (08:23:15) | WARNING: NVML: Failed to get maximum GPU power draw, defaulting to 225W: Not Supported
2024/11/29 (08:23:15) | WARNING: Intel GPU: Failed to initialize PMU

2024/11/29 (11:30:19) | ===> btop++ v.1.4.0
2024/11/29 (11:30:19) | WARNING: NVML: Failed to get maximum GPU power draw, defaulting to 225W: Not Supported
2024/11/29 (11:30:19) | WARNING: Intel GPU: Failed to initialize PMU

2024/11/29 (16:42:46) | ===> btop++ v.1.4.0
2024/11/29 (16:42:46) | WARNING: NVML: Failed to get maximum GPU power draw, defaulting to 225W: Not Supported
2024/11/29 (16:42:46) | WARNING: Intel GPU: Failed to initialize PMU

2024/11/29 (18:35:38) | ===> btop++ v.1.4.0
2024/11/29 (18:35:38) | WARNING: NVML: Failed to get maximum GPU power draw, defaulting to 225W: Not Supported
2024/11/29 (18:35:38) | WARNING: Intel GPU: Failed to initialize PMU

2024/11/30 (09:41:49) | ===> btop++ v.1.4.0
2024/11/30 (09:41:49) | WARNING: NVML: Failed to get maximum GPU power draw, defaulting to 225W: Not Supported
2024/11/30 (09:41:49) | WARNING: Intel GPU: Failed to initialize PMU

2024/11/30 (14:38:44) | ===> btop++ v.1.4.0
2024/11/30 (14:38:44) | WARNING: NVML: Failed to get maximum GPU power draw, defaulting to 225W: Not Supported
2024/11/30 (14:38:44) | WARNING: Intel GPU: Failed to initialize PMU

2024/12/01 (11:10:03) | ===> btop++ v.1.4.0
2024/12/01 (11:10:03) | WARNING: NVML: Failed to get maximum GPU power draw, defaulting to 225W: Not Supported
2024/12/01 (11:10:03) | WARNING: Intel GPU: Failed to initialize PMU

2024/12/01 (18:26:31) | ===> btop++ v.1.4.0
2024/12/01 (18:26:31) | WARNING: NVML: Failed to get maximum GPU power draw, defaulting to 225W: Not Supported
2024/12/01 (18:26:31) | WARNING: Intel GPU: Failed to initialize PMU

2024/12/02 (08:41:55) | ===> btop++ v.1.4.0
2024/12/02 (08:41:55) | WARNING: NVML: Failed to get maximum GPU power draw, defaulting to 225W: Not Supported
2024/12/02 (08:41:55) | WARNING: Intel GPU: Failed to initialize PMU

2024/12/02 (12:03:59) | ===> btop++ v.1.4.0
2024/12/02 (12:03:59) | WARNING: NVML: Failed to get maximum GPU power draw, defaulting to 225W: Not Supported
2024/12/02 (12:03:59) | WARNING: Intel GPU: Failed to initialize PMU

2024/12/02 (14:59:04) | ===> btop++ v.1.4.0
2024/12/02 (14:59:04) | WARNING: NVML: Failed to get maximum GPU power draw, defaulting to 225W: Not Supported
2024/12/02 (14:59:04) | WARNING: Intel GPU: Failed to initialize PMU

2024/12/03 (15:27:06) | ===> btop++ v.1.4.0
2024/12/03 (15:27:06) | WARNING: NVML: Failed to get maximum GPU power draw, defaulting to 225W: Not Supported
2024/12/03 (15:27:07) | WARNING: Intel GPU: Failed to initialize PMU

2024/12/03 (19:08:35) | ===> btop++ v.1.4.0
2024/12/03 (19:08:35) | WARNING: NVML: Failed to get maximum GPU power draw, defaulting to 225W: Not Supported
2024/12/03 (19:08:35) | WARNING: Intel GPU: Failed to initialize PMU

2024/12/03 (22:56:06) | ===> btop++ v.1.4.0
2024/12/03 (22:56:06) | WARNING: NVML: Failed to get maximum GPU power draw, defaulting to 225W: Not Supported
2024/12/03 (22:56:06) | WARNING: Intel GPU: Failed to initialize PMU

2024/12/04 (12:17:26) | ===> btop++ v.1.4.0
2024/12/04 (12:17:26) | WARNING: NVML: Failed to get maximum GPU power draw, defaulting to 225W: Not Supported
2024/12/04 (12:17:26) | WARNING: Intel GPU: Failed to initialize PMU

2024/12/04 (16:41:14) | ===> btop++ v.1.4.0
2024/12/04 (16:41:14) | WARNING: NVML: Failed to get maximum GPU power draw, defaulting to 225W: Not Supported
2024/12/04 (16:41:14) | WARNING: Intel GPU: Failed to initialize PMU

2024/12/04 (18:04:10) | ===> btop++ v.1.4.0
2024/12/04 (18:04:10) | WARNING: NVML: Failed to get maximum GPU power draw, defaulting to 225W: Not Supported
2024/12/04 (18:04:10) | WARNING: Intel GPU: Failed to initialize PMU

2024/12/05 (07:54:27) | ===> btop++ v.1.4.0
2024/12/05 (07:54:27) | WARNING: NVML: Failed to get maximum GPU power draw, defaulting to 225W: Not Supported
2024/12/05 (07:54:27) | WARNING: Intel GPU: Failed to initialize PMU

2024/12/06 (14:49:15) | ===> btop++ v.1.4.0
2024/12/06 (14:49:15) | WARNING: NVML: Failed to get maximum GPU power draw, defaulting to 225W: Not Supported
2024/12/06 (14:49:15) | WARNING: Intel GPU: Failed to initialize PMU
2024/12/07 (19:34:26) | ERROR: Stall in Runner thread, restarting!
2024/12/07 (19:34:55) | ERROR: Stall in Runner thread, restarting!

2024/12/10 (11:21:07) | ===> btop++ v.1.4.0
2024/12/10 (11:21:07) | WARNING: NVML: Failed to get maximum GPU power draw, defaulting to 225W: Not Supported
2024/12/10 (11:21:07) | WARNING: Intel GPU: Failed to initialize PMU

2024/12/11 (20:15:35) | ===> btop++ v.1.4.0
2024/12/11 (20:15:35) | WARNING: NVML: Failed to get maximum GPU power draw, defaulting to 225W: Not Supported
2024/12/11 (20:15:35) | WARNING: Intel GPU: Failed to initialize PMU

2024/12/13 (14:56:13) | ===> btop++ v.1.4.0
2024/12/13 (14:56:13) | WARNING: NVML: Failed to get maximum GPU power draw, defaulting to 225W: Not Supported
2024/12/13 (14:56:13) | WARNING: Intel GPU: Failed to initialize PMU

2024/12/14 (20:31:43) | ===> btop++ v.1.4.0
2024/12/14 (20:31:43) | WARNING: NVML: Failed to get maximum GPU power draw, defaulting to 225W: Not Supported
2024/12/14 (20:31:43) | WARNING: Intel GPU: Failed to initialize PMU

2024/12/15 (15:35:54) | ===> btop++ v.1.4.0
2024/12/15 (15:35:54) | WARNING: NVML: Failed to get maximum GPU power draw, defaulting to 225W: Not Supported
2024/12/15 (15:35:54) | WARNING: Intel GPU: Failed to initialize PMU

2024/12/17 (19:02:06) | ===> btop++ v.1.4.0
2024/12/17 (19:02:06) | WARNING: NVML: Failed to get maximum GPU power draw, defaulting to 225W: Not Supported
2024/12/17 (19:02:06) | WARNING: Intel GPU: Failed to initialize PMU

2024/12/18 (13:15:24) | ===> btop++ v.1.4.0
2024/12/18 (13:15:24) | WARNING: NVML: Failed to get maximum GPU power draw, defaulting to 225W: Not Supported
2024/12/18 (13:15:24) | WARNING: Intel GPU: Failed to initialize PMU

2024/12/18 (13:58:56) | ===> btop++ v.1.4.0
2024/12/18 (13:58:56) | WARNING: NVML: Failed to get maximum GPU power draw, defaulting to 225W: Not Supported
2024/12/18 (13:58:56) | WARNING: Intel GPU: Failed to initialize PMU

2024/12/18 (23:34:19) | ===> btop++ v.1.4.0
2024/12/18 (23:34:19) | WARNING: NVML: Failed to get maximum GPU power draw, defaulting to 225W: Not Supported
2024/12/18 (23:34:19) | WARNING: Intel GPU: Failed to initialize PMU

2024/12/20 (13:24:30) | ===> btop++ v.1.4.0
2024/12/20 (13:24:30) | WARNING: NVML: Failed to get maximum GPU power draw, defaulting to 225W: Not Supported
2024/12/20 (13:24:30) | WARNING: Intel GPU: Failed to initialize PMU

2024/12/22 (17:57:11) | ===> btop++ v.1.4.0
2024/12/22 (17:57:11) | WARNING: NVML: Failed to get maximum GPU power draw, defaulting to 225W: Not Supported
2024/12/22 (17:57:11) | WARNING: Intel GPU: Failed to initialize PMU

2024/12/23 (15:48:53) | ===> btop++ v.1.4.0
2024/12/23 (15:48:53) | WARNING: NVML: Failed to get maximum GPU power draw, defaulting to 225W: Not Supported
2024/12/23 (15:48:53) | WARNING: Intel GPU: Failed to initialize PMU

2024/12/24 (20:46:10) | ===> btop++ v.1.4.0
2024/12/24 (20:46:10) | WARNING: NVML: Failed to get maximum GPU power draw, defaulting to 225W: Not Supported
2024/12/24 (20:46:10) | WARNING: Intel GPU: Failed to initialize PMU

2024/12/24 (20:48:06) | ===> btop++ v.1.4.0
2024/12/24 (20:48:06) | WARNING: NVML: Failed to get maximum GPU power draw, defaulting to 225W: Not Supported
2024/12/24 (20:48:06) | WARNING: Intel GPU: Failed to initialize PMU

2024/12/25 (11:52:51) | ===> btop++ v.1.4.0
2024/12/25 (11:52:51) | WARNING: NVML: Failed to get maximum GPU power draw, defaulting to 225W: Not Supported
2024/12/25 (11:52:51) | WARNING: Intel GPU: Failed to initialize PMU

2024/12/25 (14:35:11) | ===> btop++ v.1.4.0
2024/12/25 (14:35:11) | WARNING: NVML: Failed to get maximum GPU power draw, defaulting to 225W: Not Supported
2024/12/25 (14:35:11) | WARNING: Intel GPU: Failed to initialize PMU

2024/12/31 (10:06:00) | ===> btop++ v.1.4.0
2024/12/31 (10:06:00) | WARNING: NVML: Failed to get maximum GPU power draw, defaulting to 225W: Not Supported
2024/12/31 (10:06:00) | WARNING: Intel GPU: Failed to initialize PMU

2025/01/01 (14:05:57) | ===> btop++ v.1.4.0
2025/01/01 (14:05:57) | WARNING: NVML: Failed to get maximum GPU power draw, defaulting to 225W: Not Supported
2025/01/01 (14:05:57) | WARNING: Intel GPU: Failed to initialize PMU

2025/01/02 (11:09:41) | ===> btop++ v.1.4.0
2025/01/02 (11:09:41) | WARNING: NVML: Failed to get maximum GPU power draw, defaulting to 225W: Not Supported
2025/01/02 (11:09:41) | WARNING: Intel GPU: Failed to initialize PMU

2025/01/03 (10:44:41) | ===> btop++ v.1.4.0
2025/01/03 (10:44:41) | WARNING: NVML: Failed to get maximum GPU power draw, defaulting to 225W: Not Supported
2025/01/03 (10:44:41) | WARNING: Intel GPU: Failed to initialize PMU

2025/01/04 (09:45:23) | ===> btop++ v.1.4.0
2025/01/04 (09:45:23) | WARNING: NVML: Failed to get maximum GPU power draw, defaulting to 225W: Not Supported
2025/01/04 (09:45:23) | WARNING: Intel GPU: Failed to initialize PMU

2025/01/04 (11:07:27) | ===> btop++ v.1.4.0
2025/01/04 (11:07:27) | WARNING: NVML: Failed to get maximum GPU power draw, defaulting to 225W: Not Supported
2025/01/04 (11:07:27) | WARNING: Intel GPU: Failed to initialize PMU

2025/01/05 (14:14:34) | ===> btop++ v.1.4.0
2025/01/05 (14:14:34) | WARNING: NVML: Failed to get maximum GPU power draw, defaulting to 225W: Not Supported
2025/01/05 (14:14:34) | WARNING: Intel GPU: Failed to initialize PMU

2025/01/05 (21:26:02) | ===> btop++ v.1.4.0
2025/01/05 (21:26:02) | WARNING: NVML: Failed to get maximum GPU power draw, defaulting to 225W: Not Supported
2025/01/05 (21:26:02) | WARNING: Intel GPU: Failed to initialize PMU

2025/01/07 (15:20:37) | ===> btop++ v.1.4.0
2025/01/07 (15:20:37) | WARNING: NVML: Failed to get maximum GPU power draw, defaulting to 225W: Not Supported
2025/01/07 (15:20:37) | WARNING: Intel GPU: Failed to initialize PMU

2025/01/08 (17:00:58) | ===> btop++ v.1.4.0
2025/01/08 (17:00:58) | WARNING: NVML: Failed to get maximum GPU power draw, defaulting to 225W: Not Supported
2025/01/08 (17:00:59) | WARNING: Intel GPU: Failed to initialize PMU

2025/01/09 (10:15:46) | ===> btop++ v.1.4.0
2025/01/09 (10:15:46) | WARNING: NVML: Failed to get maximum GPU power draw, defaulting to 225W: Not Supported
2025/01/09 (10:15:46) | WARNING: Intel GPU: Failed to initialize PMU

2025/01/09 (16:18:27) | ===> btop++ v.1.4.0
2025/01/09 (16:18:27) | WARNING: NVML: Failed to get maximum GPU power draw, defaulting to 225W: Not Supported
2025/01/09 (16:18:27) | WARNING: Intel GPU: Failed to initialize PMU

2025/01/10 (17:19:05) | ===> btop++ v.1.4.0
2025/01/10 (17:19:05) | WARNING: NVML: Failed to get maximum GPU power draw, defaulting to 225W: Not Supported
2025/01/10 (17:19:05) | WARNING: Intel GPU: Failed to initialize PMU

2025/01/11 (18:31:10) | ===> btop++ v.1.4.0
2025/01/11 (18:31:10) | WARNING: NVML: Failed to get maximum GPU power draw, defaulting to 225W: Not Supported
2025/01/11 (18:31:10) | WARNING: Intel GPU: Failed to initialize PMU

2025/01/13 (13:03:39) | ===> btop++ v.1.4.0
2025/01/13 (13:03:39) | WARNING: NVML: Failed to get maximum GPU power draw, defaulting to 225W: Not Supported
2025/01/13 (13:03:39) | WARNING: Intel GPU: Failed to initialize PMU

2025/01/15 (15:46:49) | ===> btop++ v.1.4.0
2025/01/15 (15:46:49) | WARNING: NVML: Failed to get maximum GPU power draw, defaulting to 225W: Not Supported
2025/01/15 (15:46:49) | WARNING: Intel GPU: Failed to initialize PMU

2025/01/16 (14:55:32) | ===> btop++ v.1.4.0
2025/01/16 (14:55:32) | WARNING: NVML: Failed to get maximum GPU power draw, defaulting to 225W: Not Supported
2025/01/16 (14:55:32) | WARNING: Intel GPU: Failed to initialize PMU

2025/01/17 (15:55:20) | ===> btop++ v.1.4.0
2025/01/17 (15:55:20) | WARNING: NVML: Failed to get maximum GPU power draw, defaulting to 225W: Not Supported
2025/01/17 (15:55:20) | WARNING: Intel GPU: Failed to initialize PMU

2025/01/18 (19:00:01) | ===> btop++ v.1.4.0
2025/01/18 (19:00:01) | WARNING: NVML: Failed to get maximum GPU power draw, defaulting to 225W: Not Supported
2025/01/18 (19:00:02) | WARNING: Intel GPU: Failed to initialize PMU

2025/01/19 (17:16:01) | ===> btop++ v.1.4.0
2025/01/19 (17:16:01) | WARNING: NVML: Failed to get maximum GPU power draw, defaulting to 225W: Not Supported
2025/01/19 (17:16:01) | WARNING: Intel GPU: Failed to initialize PMU

2025/01/19 (22:49:31) | ===> btop++ v.1.4.0
2025/01/19 (22:49:31) | WARNING: NVML: Failed to get maximum GPU power draw, defaulting to 225W: Not Supported
2025/01/19 (22:49:31) | WARNING: Intel GPU: Failed to initialize PMU

2025/01/20 (15:58:36) | ===> btop++ v.1.4.0
2025/01/20 (15:58:36) | WARNING: NVML: Failed to get maximum GPU power draw, defaulting to 225W: Not Supported
2025/01/20 (15:58:36) | WARNING: Intel GPU: Failed to initialize PMU

2025/01/20 (20:51:52) | ===> btop++ v.1.4.0
2025/01/20 (20:51:52) | WARNING: NVML: Failed to get maximum GPU power draw, defaulting to 225W: Not Supported
2025/01/20 (20:51:52) | WARNING: Intel GPU: Failed to initialize PMU

2025/01/21 (17:37:26) | ===> btop++ v.1.4.0
2025/01/21 (17:37:26) | WARNING: NVML: Failed to get maximum GPU power draw, defaulting to 225W: Not Supported
2025/01/21 (17:37:26) | WARNING: Intel GPU: Failed to initialize PMU

2025/01/22 (16:59:39) | ===> btop++ v.1.4.0
2025/01/22 (16:59:39) | WARNING: NVML: Failed to get maximum GPU power draw, defaulting to 225W: Not Supported
2025/01/22 (16:59:40) | WARNING: Intel GPU: Failed to initialize PMU

2025/01/22 (22:02:04) | ===> btop++ v.1.4.0
2025/01/22 (22:02:04) | WARNING: NVML: Failed to get maximum GPU power draw, defaulting to 225W: Not Supported
2025/01/22 (22:02:04) | WARNING: Intel GPU: Failed to initialize PMU

2025/01/23 (22:47:43) | ===> btop++ v.1.4.0
2025/01/23 (22:47:43) | WARNING: NVML: Failed to get maximum GPU power draw, defaulting to 225W: Not Supported
2025/01/23 (22:47:43) | WARNING: Intel GPU: Failed to initialize PMU

2025/01/24 (19:59:44) | ===> btop++ v.1.4.0
2025/01/24 (19:59:44) | WARNING: NVML: Failed to get maximum GPU power draw, defaulting to 225W: Not Supported
2025/01/24 (19:59:44) | WARNING: Intel GPU: Failed to initialize PMU

2025/01/26 (16:10:09) | ===> btop++ v.1.4.0
2025/01/26 (16:10:09) | WARNING: NVML: Failed to get maximum GPU power draw, defaulting to 225W: Not Supported
2025/01/26 (16:10:09) | WARNING: Intel GPU: Failed to initialize PMU
2025/01/29 (11:17:13) | ERROR: Stall in Runner thread, restarting!

2025/01/31 (10:48:16) | ===> btop++ v.1.4.0
2025/01/31 (10:48:16) | WARNING: NVML: Failed to get maximum GPU power draw, defaulting to 225W: Not Supported
2025/01/31 (10:48:16) | WARNING: Intel GPU: Failed to initialize PMU
2025/01/31 (15:41:06) | ERROR: Stall in Runner thread, restarting!

2025/02/01 (12:57:04) | ===> btop++ v.1.4.0
2025/02/01 (12:57:04) | WARNING: NVML: Failed to get maximum GPU power draw, defaulting to 225W: Not Supported
2025/02/01 (12:57:04) | WARNING: Intel GPU: Failed to initialize PMU

2025/02/02 (09:39:34) | ===> btop++ v.1.4.0
2025/02/02 (09:39:34) | WARNING: NVML: Failed to get maximum GPU power draw, defaulting to 225W: Not Supported
2025/02/02 (09:39:34) | WARNING: Intel GPU: Failed to initialize PMU
2025/02/02 (19:20:41) | ERROR: Stall in Runner thread, restarting!

2025/02/03 (07:03:02) | ===> btop++ v.1.4.0
2025/02/03 (07:03:02) | WARNING: NVML: Failed to get maximum GPU power draw, defaulting to 225W: Not Supported
2025/02/03 (07:03:02) | WARNING: Intel GPU: Failed to initialize PMU

2025/02/04 (10:13:59) | ===> btop++ v.1.4.0
2025/02/04 (10:13:59) | WARNING: NVML: Failed to get maximum GPU power draw, defaulting to 225W: Not Supported
2025/02/04 (10:13:59) | WARNING: Intel GPU: Failed to initialize PMU

2025/02/05 (19:12:22) | ===> btop++ v.1.4.0
2025/02/05 (19:12:22) | WARNING: NVML: Failed to get maximum GPU power draw, defaulting to 225W: Not Supported
2025/02/05 (19:12:22) | WARNING: Intel GPU: Failed to initialize PMU
2025/02/05 (20:48:23) | ERROR: Stall in Runner thread, restarting!

2025/02/10 (16:13:31) | ===> btop++ v.1.4.0
2025/02/10 (16:13:31) | WARNING: NVML: Failed to get maximum GPU power draw, defaulting to 225W: Not Supported
2025/02/10 (16:13:31) | WARNING: Intel GPU: Failed to initialize PMU

2025/02/10 (20:07:58) | ===> btop++ v.1.4.0
2025/02/10 (20:07:58) | WARNING: NVML: Failed to get maximum GPU power draw, defaulting to 225W: Not Supported
2025/02/10 (20:07:58) | WARNING: Intel GPU: Failed to initialize PMU

2025/02/11 (19:04:35) | ===> btop++ v.1.4.0
2025/02/11 (19:04:35) | WARNING: NVML: Failed to get maximum GPU power draw, defaulting to 225W: Not Supported
2025/02/11 (19:04:35) | WARNING: Intel GPU: Failed to initialize PMU
2025/02/19 (11:43:02) | ERROR: Stall in Runner thread, restarting!
2025/02/19 (11:43:14) | ERROR: Stall in Runner thread, restarting!

2025/02/19 (11:46:21) | ===> btop++ v.1.4.0
2025/02/19 (11:46:21) | WARNING: NVML: Failed to get maximum GPU power draw, defaulting to 225W: Not Supported
2025/02/19 (11:46:21) | WARNING: Intel GPU: Failed to initialize PMU

2025/02/20 (15:03:46) | ===> btop++ v.1.4.0
2025/02/20 (15:03:46) | WARNING: NVML: Failed to get maximum GPU power draw, defaulting to 225W: Not Supported
2025/02/20 (15:03:46) | WARNING: Intel GPU: Failed to initialize PMU

2025/02/21 (13:53:55) | ===> btop++ v.1.4.0
2025/02/21 (13:53:55) | WARNING: NVML: Failed to get maximum GPU power draw, defaulting to 225W: Not Supported
2025/02/21 (13:53:55) | WARNING: Intel GPU: Failed to initialize PMU

2025/02/21 (17:19:06) | ===> btop++ v.1.4.0
2025/02/21 (17:19:06) | WARNING: NVML: Failed to get maximum GPU power draw, defaulting to 225W: Not Supported
2025/02/21 (17:19:06) | WARNING: Intel GPU: Failed to initialize PMU

2025/02/21 (21:34:16) | ===> btop++ v.1.4.0
2025/02/21 (21:34:16) | WARNING: NVML: Failed to get maximum GPU power draw, defaulting to 225W: Not Supported
2025/02/21 (21:34:16) | WARNING: Intel GPU: Failed to initialize PMU

2025/02/24 (21:13:27) | ===> btop++ v.1.4.0
2025/02/24 (21:13:27) | WARNING: NVML: Failed to get maximum GPU power draw, defaulting to 225W: Not Supported
2025/02/24 (21:13:27) | WARNING: Intel GPU: Failed to initialize PMU

2025/02/25 (07:17:03) | ===> btop++ v.1.4.0
2025/02/25 (07:17:03) | WARNING: NVML: Failed to get maximum GPU power draw, defaulting to 225W: Not Supported
2025/02/25 (07:17:03) | WARNING: Intel GPU: Failed to initialize PMU

2025/02/27 (14:26:20) | ===> btop++ v.1.4.0
2025/02/27 (14:26:20) | WARNING: NVML: Failed to get maximum GPU power draw, defaulting to 225W: Not Supported
2025/02/27 (14:26:20) | WARNING: Intel GPU: Failed to initialize PMU
2025/03/05 (12:58:49) | ERROR: Stall in Runner thread, restarting!

2025/03/11 (12:55:31) | ===> btop++ v.1.4.0
2025/03/11 (12:55:31) | WARNING: NVML: Failed to get maximum GPU power draw, defaulting to 225W: Not Supported
2025/03/11 (12:55:31) | WARNING: Intel GPU: Failed to initialize PMU

2025/03/13 (22:58:29) | ===> btop++ v.1.4.0
2025/03/13 (22:58:29) | WARNING: NVML: Failed to get maximum GPU power draw, defaulting to 225W: Not Supported
2025/03/13 (22:58:29) | WARNING: Intel GPU: Failed to initialize PMU

2025/03/15 (15:22:06) | ===> btop++ v.1.4.0
2025/03/15 (15:22:06) | WARNING: NVML: Failed to get maximum GPU power draw, defaulting to 225W: Not Supported
2025/03/15 (15:22:06) | WARNING: Intel GPU: Failed to initialize PMU

2025/03/16 (22:30:56) | ===> btop++ v.1.4.0
2025/03/16 (22:30:56) | WARNING: NVML: Failed to get maximum GPU power draw, defaulting to 225W: Not Supported
2025/03/16 (22:30:56) | WARNING: Intel GPU: Failed to initialize PMU

2025/03/20 (02:40:23) | ===> btop++ v.1.4.0
2025/03/20 (02:40:23) | WARNING: NVML: Failed to get maximum GPU power draw, defaulting to 225W: Not Supported
2025/03/20 (02:40:23) | WARNING: Intel GPU: Failed to initialize PMU

2025/03/25 (14:34:25) | ===> btop++ v.1.4.0
2025/03/25 (14:34:25) | WARNING: NVML: Failed to get maximum GPU power draw, defaulting to 225W: Not Supported
2025/03/25 (14:34:25) | WARNING: Intel GPU: Failed to initialize PMU

2025/03/25 (22:11:27) | ===> btop++ v.1.4.0
2025/03/25 (22:11:27) | WARNING: NVML: Failed to get maximum GPU power draw, defaulting to 225W: Not Supported
2025/03/25 (22:11:27) | WARNING: Intel GPU: Failed to initialize PMU

2025/03/26 (03:14:15) | ===> btop++ v.1.4.0
2025/03/26 (03:14:15) | WARNING: NVML: Failed to get maximum GPU power draw, defaulting to 225W: Not Supported
2025/03/26 (03:14:15) | WARNING: Intel GPU: Failed to initialize PMU

2025/03/26 (19:53:58) | ===> btop++ v.1.4.0
2025/03/26 (19:53:58) | WARNING: NVML: Failed to get maximum GPU power draw, defaulting to 225W: Not Supported
2025/03/26 (19:53:58) | WARNING: Intel GPU: Failed to initialize PMU

2025/03/27 (00:32:17) | ===> btop++ v.1.4.0
2025/03/27 (00:32:17) | WARNING: NVML: Failed to get maximum GPU power draw, defaulting to 225W: Not Supported
2025/03/27 (00:32:17) | WARNING: Intel GPU: Failed to initialize PMU

2025/03/27 (15:49:00) | ===> btop++ v.1.4.0
2025/03/27 (15:49:00) | WARNING: NVML: Failed to get maximum GPU power draw, defaulting to 225W: Not Supported
2025/03/27 (15:49:00) | WARNING: Intel GPU: Failed to initialize PMU

2025/03/28 (02:08:31) | ===> btop++ v.1.4.0
2025/03/28 (02:08:31) | WARNING: NVML: Failed to get maximum GPU power draw, defaulting to 225W: Not Supported
2025/03/28 (02:08:31) | WARNING: Intel GPU: Failed to initialize PMU

2025/03/28 (04:43:17) | ===> btop++ v.1.4.0
2025/03/28 (04:43:17) | WARNING: NVML: Failed to get maximum GPU power draw, defaulting to 225W: Not Supported
2025/03/28 (04:43:17) | WARNING: Intel GPU: Failed to initialize PMU

2025/03/28 (16:45:33) | ===> btop++ v.1.4.0
2025/03/28 (16:45:33) | WARNING: NVML: Failed to get maximum GPU power draw, defaulting to 225W: Not Supported
2025/03/28 (16:45:33) | WARNING: Intel GPU: Failed to initialize PMU
2025/03/29 (02:05:57) | ERROR: Stall in Runner thread, restarting!

2025/03/30 (13:24:58) | ===> btop++ v.1.4.0
2025/03/30 (13:24:58) | WARNING: NVML: Failed to get maximum GPU power draw, defaulting to 225W: Not Supported
2025/03/30 (13:24:58) | WARNING: Intel GPU: Failed to initialize PMU

2025/04/02 (17:19:43) | ===> btop++ v.1.4.0
2025/04/02 (17:19:43) | WARNING: NVML: Failed to get maximum GPU power draw, defaulting to 225W: Not Supported
2025/04/02 (17:19:43) | WARNING: Intel GPU: Failed to initialize PMU

2025/04/02 (18:19:39) | ===> btop++ v.1.4.0
2025/04/02 (18:19:39) | WARNING: NVML: Failed to get maximum GPU power draw, defaulting to 225W: Not Supported
2025/04/02 (18:19:39) | WARNING: Intel GPU: Failed to initialize PMU

2025/04/02 (20:04:18) | ===> btop++ v.1.4.0
2025/04/02 (20:04:18) | WARNING: NVML: Failed to get maximum GPU power draw, defaulting to 225W: Not Supported
2025/04/02 (20:04:18) | WARNING: Intel GPU: Failed to initialize PMU

2025/04/04 (23:32:43) | ===> btop++ v.1.4.0
2025/04/04 (23:32:43) | WARNING: NVML: Failed to get maximum GPU power draw, defaulting to 225W: Not Supported
2025/04/04 (23:32:44) | WARNING: Intel GPU: Failed to initialize PMU

2025/04/05 (21:07:24) | ===> btop++ v.1.4.0
2025/04/05 (21:07:24) | WARNING: NVML: Failed to get maximum GPU power draw, defaulting to 225W: Not Supported
2025/04/05 (21:07:24) | WARNING: Intel GPU: Failed to initialize PMU

2025/04/05 (22:34:31) | ===> btop++ v.1.4.0
2025/04/05 (22:34:31) | WARNING: NVML: Failed to get maximum GPU power draw, defaulting to 225W: Not Supported
2025/04/05 (22:34:31) | WARNING: Intel GPU: Failed to initialize PMU

2025/04/06 (20:08:22) | ===> btop++ v.1.4.0
2025/04/06 (20:08:22) | WARNING: NVML: Failed to get maximum GPU power draw, defaulting to 225W: Not Supported
2025/04/06 (20:08:22) | WARNING: Intel GPU: Failed to initialize PMU

2025/04/07 (23:50:42) | ===> btop++ v.1.4.0
2025/04/07 (23:50:42) | WARNING: NVML: Failed to get maximum GPU power draw, defaulting to 225W: Not Supported
2025/04/07 (23:50:42) | WARNING: Intel GPU: Failed to initialize PMU

2025/04/08 (11:22:33) | ===> btop++ v.1.4.0
2025/04/08 (11:22:33) | WARNING: NVML: Failed to get maximum GPU power draw, defaulting to 225W: Not Supported
2025/04/08 (11:22:33) | WARNING: Intel GPU: Failed to initialize PMU

2025/04/08 (20:37:11) | ===> btop++ v.1.4.0
2025/04/08 (20:37:11) | WARNING: NVML: Failed to get maximum GPU power draw, defaulting to 225W: Not Supported
2025/04/08 (20:37:11) | WARNING: Intel GPU: Failed to initialize PMU

2025/04/09 (11:20:30) | ===> btop++ v.1.4.0
2025/04/09 (11:20:30) | WARNING: NVML: Failed to get maximum GPU power draw, defaulting to 225W: Not Supported
2025/04/09 (11:20:30) | WARNING: Intel GPU: Failed to initialize PMU

2025/04/09 (19:46:45) | ===> btop++ v.1.4.0
2025/04/09 (19:46:45) | WARNING: NVML: Failed to get maximum GPU power draw, defaulting to 225W: Not Supported
2025/04/09 (19:46:45) | WARNING: Intel GPU: Failed to initialize PMU

2025/04/10 (11:04:43) | ===> btop++ v.1.4.0
2025/04/10 (11:04:43) | WARNING: NVML: Failed to get maximum GPU power draw, defaulting to 225W: Not Supported
2025/04/10 (11:04:43) | WARNING: Intel GPU: Failed to initialize PMU

2025/04/11 (08:31:36) | ===> btop++ v.1.4.0
2025/04/11 (08:31:36) | WARNING: NVML: Failed to get maximum GPU power draw, defaulting to 225W: Not Supported
2025/04/11 (08:31:37) | WARNING: Intel GPU: Failed to initialize PMU

2025/04/11 (13:17:29) | ===> btop++ v.1.4.0
2025/04/11 (13:17:29) | WARNING: NVML: Failed to get maximum GPU power draw, defaulting to 225W: Not Supported
2025/04/11 (13:17:29) | WARNING: Intel GPU: Failed to initialize PMU

2025/04/11 (15:29:35) | ===> btop++ v.1.4.0
2025/04/11 (15:29:35) | WARNING: NVML: Failed to get maximum GPU power draw, defaulting to 225W: Not Supported
2025/04/11 (15:29:35) | WARNING: Intel GPU: Failed to initialize PMU

2025/04/12 (13:15:01) | ===> btop++ v.1.4.0
2025/04/12 (13:15:01) | WARNING: NVML: Failed to get maximum GPU power draw, defaulting to 225W: Not Supported
2025/04/12 (13:15:01) | WARNING: Intel GPU: Failed to initialize PMU

2025/04/15 (11:30:14) | ===> btop++ v.1.4.0
2025/04/15 (11:30:14) | WARNING: NVML: Failed to get maximum GPU power draw, defaulting to 225W: Not Supported
2025/04/15 (11:30:14) | WARNING: Intel GPU: Failed to initialize PMU

2025/04/16 (09:56:32) | ===> btop++ v.1.4.0
2025/04/16 (09:56:32) | WARNING: NVML: Failed to get maximum GPU power draw, defaulting to 225W: Not Supported
2025/04/16 (09:56:32) | WARNING: Intel GPU: Failed to initialize PMU

2025/04/17 (11:00:56) | ===> btop++ v.1.4.0
2025/04/17 (11:00:56) | WARNING: NVML: Failed to get maximum GPU power draw, defaulting to 225W: Not Supported
2025/04/17 (11:00:56) | WARNING: Intel GPU: Failed to initialize PMU

2025/04/18 (14:58:42) | ===> btop++ v.1.4.0
2025/04/18 (14:58:42) | WARNING: NVML: Failed to get maximum GPU power draw, defaulting to 225W: Not Supported
2025/04/18 (14:58:42) | WARNING: Intel GPU: Failed to initialize PMU

2025/04/19 (10:42:48) | ===> btop++ v.1.4.0
2025/04/19 (10:42:48) | WARNING: NVML: Failed to get maximum GPU power draw, defaulting to 225W: Not Supported
2025/04/19 (10:42:48) | WARNING: Intel GPU: Failed to initialize PMU

2025/04/21 (09:48:56) | ===> btop++ v.1.4.0
2025/04/21 (09:48:56) | WARNING: NVML: Failed to get maximum GPU power draw, defaulting to 225W: Not Supported
2025/04/21 (09:48:56) | WARNING: Intel GPU: Failed to initialize PMU

2025/04/23 (08:16:08) | ===> btop++ v.1.4.0
2025/04/23 (08:16:08) | WARNING: NVML: Failed to get maximum GPU power draw, defaulting to 225W: Not Supported
2025/04/23 (08:16:08) | WARNING: Intel GPU: Failed to initialize PMU

2025/04/23 (17:13:49) | ===> btop++ v.1.4.0
2025/04/23 (17:13:49) | WARNING: NVML: Failed to get maximum GPU power draw, defaulting to 225W: Not Supported
2025/04/23 (17:13:49) | WARNING: Intel GPU: Failed to initialize PMU

2025/04/24 (23:02:02) | ===> btop++ v.1.4.0
2025/04/24 (23:02:02) | WARNING: NVML: Failed to get maximum GPU power draw, defaulting to 225W: Not Supported
2025/04/24 (23:02:02) | WARNING: Intel GPU: Failed to initialize PMU

2025/04/25 (11:02:18) | ===> btop++ v.1.4.0
2025/04/25 (11:02:18) | WARNING: NVML: Failed to get maximum GPU power draw, defaulting to 225W: Not Supported
2025/04/25 (11:02:18) | WARNING: Intel GPU: Failed to initialize PMU

2025/04/25 (13:40:29) | ===> btop++ v.1.4.0
2025/04/25 (13:40:29) | WARNING: NVML: Failed to get maximum GPU power draw, defaulting to 225W: Not Supported
2025/04/25 (13:40:29) | WARNING: Intel GPU: Failed to initialize PMU

2025/04/25 (14:48:10) | ===> btop++ v.1.4.0
2025/04/25 (14:48:10) | WARNING: NVML: Failed to get maximum GPU power draw, defaulting to 225W: Not Supported
2025/04/25 (14:48:10) | WARNING: Intel GPU: Failed to initialize PMU

2025/04/26 (12:36:54) | ===> btop++ v.1.4.0
2025/04/26 (12:36:54) | WARNING: NVML: Failed to get maximum GPU power draw, defaulting to 225W: Not Supported
2025/04/26 (12:36:54) | WARNING: Intel GPU: Failed to initialize PMU

2025/04/26 (21:06:58) | ===> btop++ v.1.4.0
2025/04/26 (21:06:58) | WARNING: NVML: Failed to get maximum GPU power draw, defaulting to 225W: Not Supported
2025/04/26 (21:06:58) | WARNING: Intel GPU: Failed to initialize PMU

2025/04/27 (16:32:31) | ===> btop++ v.1.4.0
2025/04/27 (16:32:31) | WARNING: NVML: Failed to get maximum GPU power draw, defaulting to 225W: Not Supported
2025/04/27 (16:32:31) | WARNING: Intel GPU: Failed to initialize PMU

2025/04/28 (14:49:02) | ===> btop++ v.1.4.0
2025/04/28 (14:49:02) | WARNING: NVML: Failed to get maximum GPU power draw, defaulting to 225W: Not Supported
2025/04/28 (14:49:02) | WARNING: Intel GPU: Failed to initialize PMU

2025/04/29 (16:41:13) | ===> btop++ v.1.4.0
2025/04/29 (16:41:13) | WARNING: NVML: Failed to get maximum GPU power draw, defaulting to 225W: Not Supported
2025/04/29 (16:41:13) | WARNING: Intel GPU: Failed to initialize PMU

2025/04/30 (08:22:42) | ===> btop++ v.1.4.0
2025/04/30 (08:22:42) | WARNING: NVML: Failed to get maximum GPU power draw, defaulting to 225W: Not Supported
2025/04/30 (08:22:42) | WARNING: Intel GPU: Failed to initialize PMU

2025/04/30 (14:23:28) | ===> btop++ v.1.4.0
2025/04/30 (14:23:28) | WARNING: NVML: Failed to get maximum GPU power draw, defaulting to 225W: Not Supported
2025/04/30 (14:23:28) | WARNING: Intel GPU: Failed to initialize PMU

2025/05/01 (16:03:28) | ===> btop++ v.1.4.0
2025/05/01 (16:03:28) | WARNING: NVML: Failed to get maximum GPU power draw, defaulting to 225W: Not Supported
2025/05/01 (16:03:28) | WARNING: Intel GPU: Failed to initialize PMU

2025/05/02 (15:12:42) | ===> btop++ v.1.4.0
2025/05/02 (15:12:42) | WARNING: NVML: Failed to get maximum GPU power draw, defaulting to 225W: Not Supported
2025/05/02 (15:12:42) | WARNING: Intel GPU: Failed to initialize PMU

2025/05/04 (10:55:20) | ===> btop++ v.1.4.0
2025/05/04 (10:55:20) | WARNING: NVML: Failed to get maximum GPU power draw, defaulting to 225W: Not Supported
2025/05/04 (10:55:20) | WARNING: Intel GPU: Failed to initialize PMU
